
### min hops (excitatory edges >= 5 synapses) L-eye type -> DN ipsi/contra

| input   | DNp01   | DNp04   | DNp03   | DNp35   | DNp11   | DNp06   | DNp09   | MDN   | DNa01   | DNa02   | DNa03   | DNa04   | DNa05   | DNa07   | DNa15   | DNb01   | DNb05   | DNg13   | DNae002   | DNg41   |
|:--------|:--------|:--------|:--------|:--------|:--------|:--------|:--------|:------|:--------|:--------|:--------|:--------|:--------|:--------|:--------|:--------|:--------|:--------|:----------|:--------|
| LPLC2   | 1/2     | 1/2     | 2/4     | 1/2     | 2/2     | 1/2     | 1/3     | 2/2   | 3/2     | 2/2     | 3/2     | 2/2     | 2/2     | 2/2     | 3/3     | 2/2     | 2/3     | 3/2     | 3/2       | 3/2     |
| LC4     | 1/2     | 1/2     | 1/4     | 1/2     | 1/2     | 1/2     | 3/3     | 2/2   | 3/2     | 3/2     | 3/2     | 2/2     | 2/2     | 2/2     | 3/2     | 3/2     | 3/3     | 3/2     | 2/2       | 4/4     |
| LPLC1   | 2/3     | 2/3     | 1/4     | 1/2     | 1/3     | 1/2     | 2/3     | 3/3   | 3/3     | 3/3     | 3/2     | 2/2     | 2/2     | 1/2     | 3/2     | 2/2     | 2/3     | 3/3     | 2/2       | 3/3     |
| LC6     | 2/2     | 3/2     | 2/4     | 2/3     | 2/2     | 1/2     | 2/2     | 2/2   | 2/2     | 3/2     | 2/2     | 2/3     | 2/3     | 3/3     | 3/3     | 3/3     | 2/3     | 2/3     | 2/2       | 3/4     |
| LC9     | 2/2     | 2/2     | 2/4     | 1/2     | 1/2     | 2/2     | 1/3     | 2/2   | 2/2     | 2/2     | 2/2     | 2/3     | 3/3     | 2/3     | 2/3     | 2/2     | 2/3     | 2/3     | 2/2       | 3/3     |
| LC11    | 3/3     | 3/2     | 2/4     | 1/2     | 2/3     | 2/2     | 2/3     | 3/3   | 3/3     | 3/3     | 3/3     | 2/3     | 2/2     | 3/3     | 3/3     | 3/3     | 2/3     | 3/3     | 3/3       | 3/3     |
| LC12    | 3/3     | 2/2     | 3/4     | 2/2     | 2/3     | 3/3     | 3/3     | 4/3   | 3/3     | 3/3     | 3/3     | 3/3     | 3/3     | 3/3     | 3/3     | 3/3     | 3/3     | 3/3     | 3/3       | 4/4     |
| LC15    | 3/2     | 2/2     | 2/4     | 2/3     | 2/2     | 2/2     | 2/3     | 3/3   | 3/2     | 3/3     | 3/3     | 3/3     | 3/3     | 3/3     | 3/3     | 3/2     | 3/3     | 3/3     | 3/2       | 4/4     |
| LC16    | 3/3     | 2/3     | 2/4     | 2/3     | 2/3     | 2/2     | 2/3     | 3/3   | 3/3     | 3/3     | 3/3     | 3/3     | 3/3     | 3/3     | 3/3     | 3/3     | 3/4     | 3/3     | 2/3       | 4/4     |
| LC17    | 3/2     | 3/2     | 2/-     | 2/2     | 2/2     | 2/2     | 3/3     | 3/3   | 3/3     | 3/3     | 3/3     | 3/3     | 3/3     | 3/3     | 3/3     | 3/3     | 3/3     | 3/3     | 3/3       | 4/4     |
| LC18    | 3/3     | 2/2     | 2/3     | 2/2     | 2/3     | 2/2     | 2/3     | 3/2   | 3/3     | 3/3     | 3/3     | 3/3     | 3/3     | 3/3     | 3/3     | 3/3     | 3/3     | 3/3     | 2/3       | 4/4     |
| LC21    | 2/2     | 3/2     | 2/4     | 1/3     | 2/2     | 2/2     | 2/3     | 3/3   | 3/3     | 2/3     | 3/3     | 2/3     | 3/3     | 3/3     | 3/3     | 3/3     | 2/3     | 3/3     | 2/3       | 4/4     |
| LC22    | 2/3     | 3/3     | 1/4     | 2/2     | 2/3     | 2/3     | 2/3     | 3/3   | 2/2     | 2/2     | 2/2     | 2/2     | 2/2     | 3/3     | 2/2     | 2/2     | 2/3     | 2/3     | 2/2       | 3/3     |
| LPLC4   | 2/3     | 3/3     | 1/3     | 2/3     | 1/3     | 2/2     | 3/3     | 2/2   | 2/2     | 2/2     | 2/2     | 1/2     | 1/2     | 2/3     | 2/2     | 2/2     | 1/2     | 2/2     | 2/2       | 3/3     |
| LLPC1   | 3/2     | 3/2     | 1/4     | 2/3     | 2/2     | 2/2     | 2/3     | 3/3   | 2/2     | 1/2     | 2/2     | 1/2     | 2/2     | 2/2     | 2/2     | 1/2     | 1/2     | 2/3     | 1/2       | 2/3     |
| LLPC2   | 2/2     | 2/2     | 2/4     | 2/3     | 2/2     | 2/2     | 3/3     | 2/2   | 2/3     | 2/2     | 2/3     | 2/2     | 2/2     | 3/3     | 2/2     | 2/2     | 1/3     | 2/3     | 1/2       | 3/3     |
| LLPC3   | 3/3     | 3/3     | 2/4     | 2/3     | 2/3     | 2/3     | 2/3     | 3/3   | 3/3     | 2/2     | 3/3     | 2/2     | 3/2     | 3/4     | 2/2     | 3/2     | 2/3     | 2/3     | 2/2       | 3/3     |
| LC10a   | 3/3     | 3/3     | 2/4     | 3/3     | 2/3     | 3/3     | 3/3     | 2/3   | 3/3     | 2/2     | 2/3     | 2/3     | 2/2     | 3/4     | 2/2     | 2/2     | 3/3     | 2/2     | 2/2       | 3/3     |
| HSS     | 3/3     | 3/3     | 2/-     | 3/3     | 3/4     | 3/3     | 3/3     | 3/3   | 3/3     | 1/3     | 2/3     | 2/3     | 3/3     | 4/4     | 2/3     | 2/3     | 3/3     | 3/3     | 1/3       | 1/3     |
| HSE     | 4/4     | 4/4     | 3/-     | 4/4     | 4/4     | 4/4     | 3/4     | 3/3   | 3/3     | 1/3     | 2/3     | 3/3     | 3/3     | 4/4     | 2/3     | 3/3     | 3/3     | 3/4     | 3/3       | 2/4     |
| VS2     | 3/3     | 4/4     | 3/4     | 3/3     | 3/3     | 3/3     | 4/4     | 3/3   | 3/3     | 3/3     | 3/3     | 3/3     | 3/3     | 4/3     | 3/3     | 3/3     | 2/3     | 3/4     | 3/3       | 4/4     |
| H2      | 4/3     | 3/4     | 3/4     | 3/3     | 3/3     | 3/3     | 3/3     | 3/3   | 3/3     | 3/2     | 2/2     | 2/3     | 4/3     | 4/4     | 2/3     | 3/3     | 3/3     | 3/3     | 2/3       | 2/1     |
| T4a     | 2/3     | 2/3     | 3/4     | 2/3     | 3/3     | 2/3     | 3/4     | 3/3   | 3/3     | 2/3     | 3/3     | 2/3     | 3/3     | 3/3     | 3/3     | 3/3     | 2/3     | 3/3     | 2/3       | 2/3     |
| T4b     | 2/3     | 2/3     | 2/-     | 2/3     | 2/3     | 2/3     | 2/4     | 3/3   | 3/3     | 3/3     | 3/3     | 3/3     | 3/3     | 2/3     | 3/3     | 3/3     | 3/3     | 4/3     | 3/3       | 3/2     |
| T5a     | 2/3     | 2/3     | 2/4     | 2/3     | 2/3     | 2/3     | 3/4     | 3/3   | 3/3     | 2/3     | 3/3     | 2/3     | 3/3     | 3/3     | 3/3     | 3/3     | 2/3     | 3/3     | 2/3       | 2/3     |
| T5b     | 2/3     | 2/3     | 2/4     | 2/3     | 2/3     | 2/3     | 2/3     | 3/3   | 3/3     | 3/3     | 3/3     | 3/3     | 3/3     | 2/3     | 3/3     | 3/3     | 3/3     | 3/3     | 3/3       | 3/2     |
