| input (L eye)   | DNp01   | DNp04   | DNp03   | DNp35   | DNp11   | DNp06   | DNp09   | MDN   | DNa01   | DNa02   | DNa03   | DNa04   | DNa05   | DNa07   | DNa15   | DNb01   | DNb05   | DNg13   | DNae002   | DNg41   |
|:----------------|:--------|:--------|:--------|:--------|:--------|:--------|:--------|:------|:--------|:--------|:--------|:--------|:--------|:--------|:--------|:--------|:--------|:--------|:----------|:--------|
| LPLC2 (108)     | +115/+3 | +226/-2 | +5/-0   | +33/-1  | +5/-1   | +52/+3  | +12/-0  | .     | -0/+1   | .       | .       | +0/+2   | +1/+5   | -3/+5   | .       | .       | +3/-0   | .       | -0/+1     | .       |
| LC4 (54)        | +83/+0  | +362/-7 | +72/-0  | +23/-2  | +124/-7 | +8/+1   | .       | .     | -0/+1   | .       | .       | -1/+2   | +0/+4   | +1/+4   | .       | -0/+1   | .       | .       | -0/+1     | .       |
| LPLC1 (68)      | .       | +5/-0   | +171/-2 | +78/+0  | +93/-0  | +52/+0  | +2/-0   | .     | .       | .       | .       | +1/+5   | +9/+17  | +144/-4 | +0/+3   | +0/+1   | .       | .       | +0/+1     | .       |
| LC6 (65)        | +1/+1   | +0/+1   | .       | +1/+0   | .       | +6/+1   | +1/+0   | .     | -0/+1   | .       | .       | .       | +1/+0   | .       | .       | .       | .       | .       | .         | .       |
| LC9 (87)        | +1/+0   | +8/+0   | +2/+0   | +6/+0   | +65/-0  | +1/+1   | +90/-7  | +1/+1 | -1/+4   | +2/+1   | -1/+1   | .       | .       | +1/+0   | -1/-0   | -1/+2   | +1/+0   | +1/+1   | +1/+1     | +0/-1   |
| LC11 (66)       | .       | -1/+1   | +1/+0   | +87/+0  | +2/-0   | .       | +6/-5   | .     | .       | .       | .       | +1/+1   | +2/+3   | +1/+2   | .       | .       | +1/+0   | .       | .         | .       |
| LC12 (198)      | -1/-0   | -1/-24  | -2/-0   | +3/+1   | +1/-1   | -1/-0   | .       | .     | .       | .       | .       | .       | .       | .       | .       | .       | .       | .       | .         | .       |
| LC15 (52)       | -0/+2   | -0/+1   | .       | +7/+0   | +1/+0   | +2/+2   | +4/+0   | .     | .       | .       | .       | .       | .       | .       | .       | .       | .       | .       | .         | .       |
| LC16 (77)       | .       | .       | .       | .       | .       | .       | +0/+1   | .     | .       | .       | .       | .       | .       | .       | .       | -1/-0   | .       | .       | .         | .       |
| LC17 (134)      | -2/+2   | -4/+3   | -2/-0   | +8/+1   | -1/+0   | -1/+1   | .       | .     | .       | .       | .       | .       | .       | -10/-0  | .       | .       | .       | .       | -1/-0     | .       |
| LC18 (96)       | -2/-1   | +1/+12  | +1/+0   | +2/+0   | +2/-0   | -1/+0   | +1/-0   | .     | .       | .       | .       | .       | +1/+1   | .       | .       | .       | .       | .       | .         | .       |
| LC21 (68)       | .       | -1/+0   | +1/+0   | +49/+0  | +1/-0   | +1/+1   | +3/-0   | .     | -1/+0   | .       | .       | .       | .       | .       | .       | .       | +1/+0   | .       | .         | .       |
| LC22 (43)       | .       | .       | +31/-1  | .       | -2/-1   | .       | .       | .     | -1/+1   | -1/+0   | .       | -3/+3   | +1/+2   | -2/-2   | -9/+1   | -2/+4   | +1/-0   | .       | -5/+4     | .       |
| LPLC4 (56)      | -1/-0   | .       | +185/-1 | +1/+0   | +14/-1  | .       | .       | .     | -3/+4   | +1/+1   | +1/+1   | +14/+5  | +4/+6   | -2/-1   | -11/+3  | -5/+9   | +156/+1 | .       | -5/+7     | +1/-0   |
| LLPC1 (106)     | -1/-0   | -2/-1   | +12/-0  | -1/-0   | -2/-1   | .       | +1/-0   | .     | -0/+2   | +8/-0   | .       | +13/+1  | .       | -14/-1  | +2/+0   | +8/+2   | +1/+0   | .       | +48/+2    | +15/-1  |
| LLPC2 (120)     | +1/+0   | +3/+0   | +1/-0   | .       | +1/-0   | .       | .       | .     | .       | +1/-0   | .       | +2/+0   | .       | +10/+0  | .       | +0/+2   | +50/-0  | +1/-0   | +6/+2     | .       |
| LLPC3 (102)     | .       | .       | +1/-0   | .       | +1/-0   | .       | .       | .     | .       | .       | .       | +0/+1   | .       | +8/+0   | .       | +0/+1   | +0/-1   | .       | +1/+2     | .       |
| LC10a (115)     | .       | .       | -1/-0   | .       | +7/-0   | .       | .       | +1/-1 | +1/-1   | +11/+1  | +6/-3   | +8/-2   | +0/-1   | -1/-1   | +2/-6   | +9/+6   | .       | +5/+3   | +18/+2    | +1/-1   |
| HSS (1)         | .       | .       | .       | .       | .       | .       | .       | .     | .       | +3/-0   | .       | .       | .       | .       | .       | .       | .       | .       | +1/-0     | +16/-2  |
| HSE (1)         | .       | .       | .       | .       | .       | .       | .       | .     | .       | +1/-0   | .       | .       | .       | .       | .       | .       | .       | .       | .         | +1/-2   |
| VS2 (1)         | .       | .       | .       | .       | .       | .       | .       | .     | .       | .       | .       | .       | .       | .       | .       | .       | .       | .       | .         | -1/-0   |
| H2 (1)          | .       | .       | .       | .       | .       | .       | .       | .     | .       | .       | .       | .       | .       | .       | .       | .       | .       | .       | .         | -1/+46  |
| T4a (725)       | +2/+0   | +4/-0   | +1/-0   | .       | -3/-0   | +1/+0   | .       | .     | .       | +3/+0   | .       | +2/+0   | .       | -7/-0   | .       | +1/+0   | .       | .       | +5/+0     | +44/-5  |
| T4b (752)       | +2/+0   | +6/+0   | +2/-0   | +2/-0   | .       | +2/+0   | -2/-0   | .     | .       | .       | .       | -1/+0   | .       | +31/-2  | .       | -0/+1   | -1/-0   | .       | -2/+1     | -7/+16  |
| T5a (741)       | +3/+0   | +8/-0   | +1/-0   | +1/-0   | -2/-0   | +1/+0   | .       | .     | .       | +3/+0   | .       | +2/+0   | .       | -8/-0   | .       | +1/+0   | .       | .       | +6/+0     | +61/-6  |
| T5b (753)       | +4/+0   | +11/-0  | +2/-0   | +2/-0   | +1/-0   | +2/+0   | -2/-0   | .     | .       | .       | .       | -1/+0   | .       | +35/-2  | .       | -0/+2   | -1/-0   | .       | -3/+1     | -8/+17  |
Traceback (most recent call last):
  File "/Users/zackmaz/Documents/PROJECTS/LEARN/system-one-models/brain-bakeoff/.superpowers/research/2026-09-24-fly/scratch-circuits/run3.py", line 16, in <module>
    E = sp.csr_matrix(((R.data > 0)&(np.abs(R.data)>=5), R.indices, R.indptr), shape=R.shape)
                        ^^^^^^^^^^
TypeError: '>' not supported between instances of 'memoryview' and 'int'
