### most GF-inhibiting VPN types (left eye, signed influence x1000, hop 1-3)

| type     |   n(L) |   GF hop1 |   GF hop1-3 |   DNa02 R-L |   DNa01 R-L |   DNb01 R-L |   DNp09 |   MDN |
|:---------|-------:|----------:|------------:|------------:|------------:|------------:|--------:|------:|
| LC18     |     96 |       0   |        -1.5 |        -0.3 |         0.1 |         0   |     0.5 |   0.1 |
| LPC1     |     82 |       0   |        -1   |        -0.9 |         0.1 |         6.9 |    -6.6 |   1.5 |
| LC12     |    198 |       0   |        -0.8 |        -0.2 |         0   |         0   |    -0.1 |  -0   |
| LPLC4    |     56 |       0   |        -0.6 |         0.7 |         6.4 |        14.1 |    -0.1 |   0.1 |
| MeMe_e07 |      5 |      -0.1 |        -0.6 |        -0   |         0   |         0.1 |    -0.1 |   0   |
| LLPC1    |    106 |       0   |        -0.5 |        -7.8 |         2.4 |        -6.2 |     0.4 |  -0.1 |
| ?        |    902 |       0.2 |        -0.5 |         0.4 |         0.3 |        -3.5 |     1.9 |   0.3 |
| LC22     |     43 |       0   |        -0.3 |         1.1 |         1.9 |         6   |    -0.1 |  -0.1 |
| LC10d    |     93 |       0   |        -0.2 |        -8.9 |        -0.7 |        -3.3 |    -0.1 |  -0.8 |
| LC13     |     75 |       0   |        -0.2 |         0   |         0   |        -0.1 |     0.1 |   0.1 |
| LTe49    |     13 |       0   |        -0.2 |         0.1 |         0.1 |         0.3 |    -0   |   0.2 |
| LC36     |     18 |       0   |        -0.2 |         0.6 |         0.3 |         0.7 |    -0   |   0.1 |
| LTe65    |      3 |       0   |        -0.2 |        -0.2 |        -0.2 |        -4.2 |    -0   |   0.5 |
| LC11     |     66 |       0   |        -0.1 |        -0.1 |         0.5 |         0.3 |     0.5 |   0   |
| LC29     |     22 |       0   |        -0.1 |         0.1 |         0.5 |         0.5 |    -0   |   0   |

### most GF-exciting

| type   |   n(L) |   GF hop1 |   GF hop1-3 |   DNa02 R-L |   DNa01 R-L |   DNb01 R-L |   DNp09 |   MDN |
|:-------|-------:|----------:|------------:|------------:|------------:|------------:|--------:|------:|
| LPLC2  |    108 |      52.9 |        59.1 |        -0   |         1   |         0.5 |     5.8 |   0.2 |
| LC4    |     54 |      43.2 |        41.8 |         0.6 |         1.6 |         0.9 |     0.2 |   0.2 |
| LC6    |     65 |       0   |         1.3 |         0.1 |         1.2 |         0.4 |     0.6 |   0.3 |
| LC15   |     52 |       0   |         1   |        -0.1 |         0.4 |         0.3 |     2.2 |   0   |
| LCe04  |     19 |       0.6 |         0.8 |        -0.2 |         0.4 |         0.5 |     6.7 |   0   |
| LC9    |     87 |       0   |         0.7 |        -1.4 |         4.2 |         2.4 |    41.4 |   0.9 |
| LLPC2  |    120 |       0   |         0.3 |        -0.9 |        -0.2 |         1.1 |    -0.1 |   0.3 |
| LC31a  |     18 |       0   |         0.3 |        -0.3 |         1.2 |         0.1 |    43.6 |   0.1 |
| LC16   |     77 |       0   |         0.2 |         0.1 |         0.4 |         0.6 |     0.4 |  -0   |
| LT51   |     11 |       0   |         0.1 |        13.1 |        43.3 |        36.9 |     0.5 | -11.1 |

### strongest steering asymmetry (|DNa02 R-L|+|DNa01 R-L|+|DNb01 R-L|)

| type    |   n(L) |   GF hop1 |   GF hop1-3 |   DNa02 R-L |   DNa01 R-L |   DNb01 R-L |   DNp09 |   MDN |   steer |
|:--------|-------:|----------:|------------:|------------:|------------:|------------:|--------:|------:|--------:|
| LT51    |     11 |       0   |         0.1 |        13.1 |        43.3 |        36.9 |     0.5 | -11.1 |    93.3 |
| LC19    |      8 |       0   |        -0   |         2.5 |         6.9 |        28.3 |     0   |   0.1 |    37.7 |
| LPLC4   |     56 |       0   |        -0.6 |         0.7 |         6.4 |        14.1 |    -0.1 |   0.1 |    21.2 |
| LC33    |     14 |       0   |         0   |         4.3 |         0.9 |        11.6 |     0   |   1.2 |    16.8 |
| LLPC1   |    106 |       0   |        -0.5 |        -7.8 |         2.4 |        -6.2 |     0.4 |  -0.1 |    16.4 |
| LCe06   |      5 |       0   |        -0   |         0.5 |         0.5 |        13.5 |     0   |   0.2 |    14.5 |
| LC10a   |    115 |       0   |        -0.1 |       -10   |        -1.1 |        -2.9 |    -0.1 |  -0.3 |    14   |
| LC10d   |     93 |       0   |        -0.2 |        -8.9 |        -0.7 |        -3.3 |    -0.1 |  -0.8 |    12.9 |
| LC22    |     43 |       0   |        -0.3 |         1.1 |         1.9 |         6   |    -0.1 |  -0.1 |     9   |
| LC9     |     87 |       0   |         0.7 |        -1.4 |         4.2 |         2.4 |    41.4 |   0.9 |     8   |
| LPC1    |     82 |       0   |        -1   |        -0.9 |         0.1 |         6.9 |    -6.6 |   1.5 |     7.9 |
| LC10c-2 |     55 |       0   |        -0   |        -5.1 |        -0.5 |        -1.9 |    -0   |   0   |     7.5 |
| LC10b   |     40 |       0   |        -0   |         0.6 |         1.5 |         5.1 |     0   |  -0   |     7.2 |
| LTe65   |      3 |       0   |        -0.2 |        -0.2 |        -0.2 |        -4.2 |    -0   |   0.5 |     4.6 |
| ?       |    902 |       0.2 |        -0.5 |         0.4 |         0.3 |        -3.5 |     1.9 |   0.3 |     4.2 |

### DNp09 / MDN drivers

| type   |   n(L) |   GF hop1 |   GF hop1-3 |   DNa02 R-L |   DNa01 R-L |   DNb01 R-L |   DNp09 |   MDN |   steer |
|:-------|-------:|----------:|------------:|------------:|------------:|------------:|--------:|------:|--------:|
| LC31a  |     18 |       0   |         0.3 |        -0.3 |         1.2 |         0.1 |    43.6 |   0.1 |     1.6 |
| LC9    |     87 |       0   |         0.7 |        -1.4 |         4.2 |         2.4 |    41.4 |   0.9 |     8   |
| LC31b  |      5 |       0   |        -0.1 |        -0.7 |         0.3 |         0.2 |     9.3 |   0.2 |     1.2 |
| LCe04  |     19 |       0.6 |         0.8 |        -0.2 |         0.4 |         0.5 |     6.7 |   0   |     1.1 |
| LPLC2  |    108 |      52.9 |        59.1 |        -0   |         1   |         0.5 |     5.8 |   0.2 |     1.5 |
| LC15   |     52 |       0   |         1   |        -0.1 |         0.4 |         0.3 |     2.2 |   0   |     0.8 |
| type   |   n(L) |   GF hop1 |   GF hop1-3 |   DNa02 R-L |   DNa01 R-L |   DNb01 R-L |   DNp09 |   MDN |   steer |
|:-------|-------:|----------:|------------:|------------:|------------:|------------:|--------:|------:|--------:|
| LPC1   |     82 |       0   |        -1   |        -0.9 |         0.1 |         6.9 |    -6.6 |   1.5 |     7.9 |
| LC33   |     14 |       0   |         0   |         4.3 |         0.9 |        11.6 |     0   |   1.2 |    16.8 |
| LC9    |     87 |       0   |         0.7 |        -1.4 |         4.2 |         2.4 |    41.4 |   0.9 |     8   |
| LTe65  |      3 |       0   |        -0.2 |        -0.2 |        -0.2 |        -4.2 |    -0   |   0.5 |     4.6 |
| ?      |    902 |       0.2 |        -0.5 |         0.4 |         0.3 |        -3.5 |     1.9 |   0.3 |     4.2 |
| LC6    |     65 |       0   |         1.3 |         0.1 |         1.2 |         0.4 |     0.6 |   0.3 |     1.7 |

### top direct presynaptic partners of both GFs (Shiu signed synapse counts)

| pre      | side   | class      |   signed syn |
|:---------|:-------|:-----------|-------------:|
| DNp70    | right  | descending |          339 |
| DNp70    | left   | descending |          248 |
| CB3707   | left   | central    |         -173 |
| CB3707   | right  | central    |         -162 |
| CB3707   | left   | central    |         -154 |
| CB3707   | right  | central    |         -144 |
| PVLP010  | right  | central    |         -137 |
| LHAD1g1  | left   | central    |         -130 |
| LHAD1g1  | right  | central    |         -124 |
| CB0563   | left   | central    |         -115 |
| PVLP010  | left   | central    |         -113 |
| CB0010   | left   | central    |         -112 |
| CB0010   | right  | central    |         -111 |
| PVLP062  | right  | central    |          108 |
| PVLP122b | right  | central    |           95 |
| CB0563   | right  | central    |          -94 |
| CL038    | right  | central    |          -85 |
| PVLP062  | left   | central    |           81 |
| PVLP122b | right  | central    |           74 |
| SAD014   | right  | central    |          -74 |
