DNg97 1 1
DNg100 1 1
DNp42 1 1
DNa10 1 1
MDN 2 2
DNp50 0 0
DNg55 0 0
DNa11 1 1
| input (L eye)   | MDN       | DNp42     | DNa10      | DNg97     | DNg100    | DNp09      | DNa02      | DNa01     | DNg13     | DNb06     | DNp01       | DNp11       | DNp02       |
|:----------------|:----------|:----------|:-----------|:----------|:----------|:-----------|:-----------|:----------|:----------|:----------|:------------|:------------|:------------|
| LC16            | -0.0/+0.0 | -0.1/-0.1 | -0.1/-0.0  | +0.0/-0.9 | -0.0/-0.0 | +0.1/+0.6  | -0.1/+0.0  | -0.3/+0.1 | -0.1/+0.0 | -0.0/-0.0 | +0.2/+0.3   | -0.3/+0.0   | +0.1/+0.0   |
| LC10d           | -0.2/-1.4 | +0.0/+0.0 | +21.5/-1.9 | -0.0/+3.5 | +0.1/+0.1 | -0.1/-0.0  | +8.4/-0.5  | +0.3/-0.4 | +3.2/+1.9 | +1.0/+1.4 | -0.2/-0.1   | -0.2/-0.0   | -0.1/-0.0   |
| LC10a           | +0.6/-1.2 | -0.0/+0.0 | +5.4/+0.8  | +0.1/+7.1 | +0.2/+0.2 | -0.0/-0.2  | +10.9/+0.9 | +0.6/-0.6 | +4.6/+3.4 | +2.1/+3.0 | -0.1/-0.1   | +7.2/-0.1   | -0.0/-0.0   |
| LPLC1           | +0.1/+0.1 | -0.2/+0.0 | +0.1/+0.0  | +0.5/+0.1 | +0.0/+0.0 | +2.2/-0.3  | +0.1/+0.0  | +0.0/+0.3 | +0.0/+0.0 | -0.0/+0.0 | +0.1/-0.4   | +92.9/-0.3  | +1.5/-0.2   |
| LC11            | +0.0/+0.1 | +0.9/+0.2 | +0.4/+0.2  | +0.1/+0.0 | +0.2/+0.2 | +6.0/-5.0  | +0.2/+0.1  | -0.1/+0.4 | +0.0/+0.0 | +0.0/+0.0 | -0.1/-0.2   | +1.7/-0.1   | -0.2/-0.1   |
| LC18            | +0.1/+0.2 | +0.0/+0.0 | +0.1/+0.0  | +0.6/+0.6 | +0.2/+0.3 | +1.0/-0.0  | +0.3/+0.0  | +0.1/+0.2 | +0.1/+0.0 | +0.0/+0.0 | -2.2/-0.8   | +2.1/-0.1   | -1.6/-0.2   |
| LC9             | +0.6/+1.2 | +0.0/+0.1 | +1.0/+0.2  | +0.6/+0.3 | +1.2/+1.1 | +90.3/-7.4 | +2.3/+0.9  | -0.7/+3.5 | +0.7/+0.7 | +0.4/-0.6 | +1.4/+0.0   | +65.4/-0.3  | +3.8/-0.1   |
| LPLC2           | +0.2/+0.2 | +0.1/-0.0 | +0.6/+0.2  | +0.6/+0.1 | +0.4/+0.4 | +11.7/-0.1 | +0.2/+0.2  | -0.0/+1.0 | +0.0/+0.0 | +0.0/+0.1 | +115.2/+3.0 | +4.9/-1.3   | +3.7/-1.4   |
| LC4             | +0.2/+0.2 | +0.1/-0.0 | +0.0/+0.0  | +0.8/+0.2 | +0.3/+0.3 | +0.5/-0.1  | -0.2/+0.4  | -0.2/+1.4 | -0.0/+0.1 | -0.1/-0.0 | +83.4/+0.1  | +123.9/-7.3 | +187.2/-4.2 |
| LPLC4           | -0.0/+0.1 | +0.3/+0.2 | +20.3/+7.9 | +3.6/-2.8 | -0.8/-1.2 | -0.1/-0.1  | +0.5/+1.2  | -2.6/+3.8 | -0.2/+0.3 | -0.1/+0.2 | -0.8/-0.3   | +14.0/-0.7  | +0.2/-0.2   |
| LPC1            | +1.6/+1.4 | +0.2/+0.0 | -0.8/-0.4  | +0.5/-0.4 | +0.9/+1.1 | -13.1/-0.1 | +0.7/-0.2  | +0.6/+0.7 | +0.2/-0.2 | +0.1/+1.0 | -2.7/+0.7   | -4.0/-0.0   | -1.2/-0.0   |
| LLPC1           | -0.1/-0.1 | +0.5/+0.1 | +0.6/+0.2  | +1.5/+8.0 | +0.2/+0.1 | +1.0/-0.1  | +7.5/-0.2  | -0.2/+2.2 | +0.5/+0.1 | +0.3/+0.1 | -1.0/-0.0   | -2.3/-1.0   | -0.1/-0.4   |
LC16 L -> MDN per target: [0, 0, 0, 0] sides ['right', 'left', 'left', 'right']
LC10d L -> DNa10 per target: [247, 0] sides ['left', 'right']
LPLC1 L -> DNp03 per target: [848, 0] sides ['left', 'right']
LC9 L -> DNp09 per target: [0, 385] sides ['right', 'left']
LC11 L -> DNp35 per target: [0, 860] sides ['right', 'left']
